============================= test session starts =============================
platform win32 -- Python 3.12.9, pytest-9.0.2, pluggy-1.6.0
rootdir: C:\TeleSignalBot
configfile: pytest.ini
plugins: asyncio-1.3.0
asyncio: mode=Mode.STRICT, debug=False, asyncio_default_fixture_loop_scope=None, asyncio_default_test_loop_scope=function
collected 94 items

src\parser_v2\tests\test_canonical_translator_v2.py .......              [  7%]
src\parser_v2\tests\test_contracts_canonical.py ......                   [ 13%]
src\parser_v2\tests\test_contracts_parsed_intent.py ......               [ 20%]
src\parser_v2\tests\test_contracts_rules.py ..........                   [ 30%]
src\parser_v2\tests\test_contracts_target.py ......                      [ 37%]
src\parser_v2\tests\test_integration_design.py .....                     [ 42%]
src\parser_v2\tests\test_local_disambiguator_scope.py ....               [ 46%]
src\parser_v2\tests\test_marker_evidence_resolver_weak_context.py ...... [ 53%]
....                                                                     [ 57%]
src\parser_v2\tests\test_parsed_message_builder_occurrence.py ....       [ 61%]
src\parser_v2\tests\test_runtime_info_short_circuit.py .                 [ 62%]
src\parser_v2\tests\test_runtime_target_binding.py ....                  [ 67%]
src\parser_v2\tests\test_signal_extractor_patterns.py ....               [ 71%]
src\parser_v2\tests\test_signal_extractor_risk_hint.py ..                [ 73%]
src\parser_v2\tests\test_target_binding_resolver.py ......               [ 79%]
src\parser_v2\tests\test_target_hints_extractor_v2.py ................   [ 96%]
src\parser_v2\tests\test_trader_a_weak_context_rules.py ...              [100%]

============================= 94 passed in 0.76s ==============================
